2026-08-08 12:35:57,899 - aqt.helper - DEBUG - helper 5548 Attempt to download checksum at https://download.qt.io/online/qtsdkrepository/windows_x86/desktop/qt6_682/qt6_682/Updates.xml.sha256
2026-08-08 12:36:04,271 - aqt.helper - DEBUG - helper 2644 Attempt to download checksum at https://download.qt.io/online/qtsdkrepository/windows_x86/desktop/qt6_653/Updates.xml.sha256
2026-08-08 12:36:06,255 - aqt.helper - DEBUG - helper 2644 Attempt to download checksum at https://download.qt.io/online/qtsdkrepository/windows_x86/desktop/qt6_653_wasm_singlethread/Updates.xml.sha256
2026-08-08 12:36:08,208 - aqt.helper - DEBUG - helper 2644 Attempt to download checksum at https://download.qt.io/online/qtsdkrepository/windows_x86/desktop/qt6_653_wasm_multithread/Updates.xml.sha256
2026-08-08 12:36:18,705 - aqt.main - INFO - installer 7220 aqtinstall(aqt) v3.3.0 on Python 3.13.14 [CPython MSC v.1942 64 bit (AMD64)]
2026-08-08 12:36:18,706 - aqt.helper - DEBUG - helper 7220 Attempt to download checksum at https://download.qt.io/online/qtsdkrepository/windows_x86/desktop/qt6_653/Updates.xml.sha256
2026-08-08 12:36:20,728 - aqt.main - ERROR - installer 7220 The packages ['qtbase'] were not found while parsing XML of package information!
==============================Suggested follow-up:==============================
* Please use 'aqt list-qt windows desktop --modules 6.5.3 <arch>' to show modules available.
2026-08-08 12:36:23,359 - aqt.helper - DEBUG - helper 18832 Attempt to download checksum at https://download.qt.io/online/qtsdkrepository/windows_x86/desktop/qt6_653/Updates.xml.sha256
2026-08-08 12:36:28,923 - aqt.main - INFO - installer 1560 aqtinstall(aqt) v3.3.0 on Python 3.13.14 [CPython MSC v.1942 64 bit (AMD64)]
2026-08-08 12:36:28,924 - aqt.helper - DEBUG - helper 1560 Attempt to download checksum at https://download.qt.io/online/qtsdkrepository/windows_x86/desktop/qt6_653/Updates.xml.sha256
2026-08-08 12:36:31,277 - aqt.helper - DEBUG - helper 11216 Attempt to download checksum at https://download.qt.io/online/qtsdkrepository/windows_x86/desktop/qt6_653/qt.qt6.653.win64_msvc2019_64/6.5.3-0-202309260341qtsvg-Windows-Windows_10_22H2-MSVC2019-Windows-Windows_10_22H2-X86_64.7z.sha256
2026-08-08 12:36:31,277 - aqt.helper - DEBUG - helper 9208 Attempt to download checksum at https://download.qt.io/online/qtsdkrepository/windows_x86/desktop/qt6_653/qt.qt6.653.win64_msvc2019_64/6.5.3-0-202309260341qtbase-Windows-Windows_10_22H2-MSVC2019-Windows-Windows_10_22H2-X86_64.7z.sha256
2026-08-08 12:36:31,278 - aqt.helper - DEBUG - helper 23868 Attempt to download checksum at https://download.qt.io/online/qtsdkrepository/windows_x86/desktop/qt6_653/qt.qt6.653.win64_msvc2019_64/6.5.3-0-202309260341qtdeclarative-Windows-Windows_10_22H2-MSVC2019-Windows-Windows_10_22H2-X86_64.7z.sha256
2026-08-08 12:36:31,279 - aqt.helper - DEBUG - helper 12820 Attempt to download checksum at https://download.qt.io/online/qtsdkrepository/windows_x86/desktop/qt6_653/qt.qt6.653.win64_msvc2019_64/6.5.3-0-202309260341qttools-Windows-Windows_10_22H2-MSVC2019-Windows-Windows_10_22H2-X86_64.7z.sha256
2026-08-08 12:36:32,226 - aqt.helper - INFO - helper 23868 Downloading qtdeclarative...
2026-08-08 12:36:32,228 - aqt.helper - INFO - helper 11216 Downloading qtsvg...
2026-08-08 12:36:32,226 - aqt.installer - DEBUG - installer 23868 Download URL: https://download.qt.io/online/qtsdkrepository/windows_x86/desktop/qt6_653/qt.qt6.653.win64_msvc2019_64/6.5.3-0-202309260341qtdeclarative-Windows-Windows_10_22H2-MSVC2019-Windows-Windows_10_22H2-X86_64.7z
2026-08-08 12:36:32,231 - aqt.helper - INFO - helper 9208 Downloading qtbase...
2026-08-08 12:36:32,228 - aqt.installer - DEBUG - installer 11216 Download URL: https://download.qt.io/online/qtsdkrepository/windows_x86/desktop/qt6_653/qt.qt6.653.win64_msvc2019_64/6.5.3-0-202309260341qtsvg-Windows-Windows_10_22H2-MSVC2019-Windows-Windows_10_22H2-X86_64.7z
2026-08-08 12:36:32,231 - aqt.installer - DEBUG - installer 9208 Download URL: https://download.qt.io/online/qtsdkrepository/windows_x86/desktop/qt6_653/qt.qt6.653.win64_msvc2019_64/6.5.3-0-202309260341qtbase-Windows-Windows_10_22H2-MSVC2019-Windows-Windows_10_22H2-X86_64.7z
2026-08-08 12:36:32,258 - aqt.helper - INFO - helper 12820 Downloading qttools...
2026-08-08 12:36:32,258 - aqt.installer - DEBUG - installer 12820 Download URL: https://download.qt.io/online/qtsdkrepository/windows_x86/desktop/qt6_653/qt.qt6.653.win64_msvc2019_64/6.5.3-0-202309260341qttools-Windows-Windows_10_22H2-MSVC2019-Windows-Windows_10_22H2-X86_64.7z
2026-08-08 12:36:33,174 - aqt.helper - DEBUG - helper 23868 Asked to redirect(302) to: https://mirror.ossplanet.net/qtproject/online/qtsdkrepository/windows_x86/desktop/qt6_653/qt.qt6.653.win64_msvc2019_64/6.5.3-0-202309260341qtdeclarative-Windows-Windows_10_22H2-MSVC2019-Windows-Windows_10_22H2-X86_64.7z
2026-08-08 12:36:33,174 - aqt.helper - INFO - helper 23868 Redirected: mirror.ossplanet.net
2026-08-08 12:36:33,206 - aqt.helper - DEBUG - helper 11216 Asked to redirect(302) to: https://mirror.ossplanet.net/qtproject/online/qtsdkrepository/windows_x86/desktop/qt6_653/qt.qt6.653.win64_msvc2019_64/6.5.3-0-202309260341qtsvg-Windows-Windows_10_22H2-MSVC2019-Windows-Windows_10_22H2-X86_64.7z
2026-08-08 12:36:33,206 - aqt.helper - INFO - helper 11216 Redirected: mirror.ossplanet.net
2026-08-08 12:36:33,218 - aqt.helper - DEBUG - helper 9208 Asked to redirect(302) to: https://mirror.ossplanet.net/qtproject/online/qtsdkrepository/windows_x86/desktop/qt6_653/qt.qt6.653.win64_msvc2019_64/6.5.3-0-202309260341qtbase-Windows-Windows_10_22H2-MSVC2019-Windows-Windows_10_22H2-X86_64.7z
2026-08-08 12:36:33,218 - aqt.helper - INFO - helper 9208 Redirected: mirror.ossplanet.net
2026-08-08 12:36:33,225 - aqt.helper - DEBUG - helper 12820 Asked to redirect(302) to: https://mirror.ossplanet.net/qtproject/online/qtsdkrepository/windows_x86/desktop/qt6_653/qt.qt6.653.win64_msvc2019_64/6.5.3-0-202309260341qttools-Windows-Windows_10_22H2-MSVC2019-Windows-Windows_10_22H2-X86_64.7z
2026-08-08 12:36:33,225 - aqt.helper - INFO - helper 12820 Redirected: mirror.ossplanet.net
2026-08-08 12:36:39,104 - aqt.installer - INFO - installer 11216 Finished installation of qtsvg-Windows-Windows_10_22H2-MSVC2019-Windows-Windows_10_22H2-X86_64.7z in 7.82948490
2026-08-08 12:36:39,119 - aqt.helper - DEBUG - helper 11216 Attempt to download checksum at https://download.qt.io/online/qtsdkrepository/windows_x86/desktop/qt6_653/qt.qt6.653.win64_msvc2019_64/6.5.3-0-202309260341qttranslations-Windows-Windows_10_22H2-MSVC2019-Windows-Windows_10_22H2-X86_64.7z.sha256
2026-08-08 12:36:40,108 - aqt.helper - INFO - helper 11216 Downloading qttranslations...
2026-08-08 12:36:40,109 - aqt.installer - DEBUG - installer 11216 Download URL: https://download.qt.io/online/qtsdkrepository/windows_x86/desktop/qt6_653/qt.qt6.653.win64_msvc2019_64/6.5.3-0-202309260341qttranslations-Windows-Windows_10_22H2-MSVC2019-Windows-Windows_10_22H2-X86_64.7z
2026-08-08 12:36:41,131 - aqt.helper - DEBUG - helper 11216 Asked to redirect(302) to: https://mirror.ossplanet.net/qtproject/online/qtsdkrepository/windows_x86/desktop/qt6_653/qt.qt6.653.win64_msvc2019_64/6.5.3-0-202309260341qttranslations-Windows-Windows_10_22H2-MSVC2019-Windows-Windows_10_22H2-X86_64.7z
2026-08-08 12:36:41,132 - aqt.helper - INFO - helper 11216 Redirected: mirror.ossplanet.net
2026-08-08 12:36:46,393 - aqt.installer - INFO - installer 11216 Finished installation of qttranslations-Windows-Windows_10_22H2-MSVC2019-Windows-Windows_10_22H2-X86_64.7z in 7.27819530
2026-08-08 12:36:46,404 - aqt.helper - DEBUG - helper 11216 Attempt to download checksum at https://download.qt.io/online/qtsdkrepository/windows_x86/desktop/qt6_653/qt.qt6.653.win64_msvc2019_64/6.5.3-0-202309260341d3dcompiler_47-x64.7z.sha256
2026-08-08 12:36:47,438 - aqt.helper - INFO - helper 11216 Downloading d3dcompiler_47...
2026-08-08 12:36:47,438 - aqt.installer - DEBUG - installer 11216 Download URL: https://download.qt.io/online/qtsdkrepository/windows_x86/desktop/qt6_653/qt.qt6.653.win64_msvc2019_64/6.5.3-0-202309260341d3dcompiler_47-x64.7z
2026-08-08 12:36:48,447 - aqt.helper - DEBUG - helper 11216 Asked to redirect(302) to: https://mirror.ossplanet.net/qtproject/online/qtsdkrepository/windows_x86/desktop/qt6_653/qt.qt6.653.win64_msvc2019_64/6.5.3-0-202309260341d3dcompiler_47-x64.7z
2026-08-08 12:36:48,447 - aqt.helper - INFO - helper 11216 Redirected: mirror.ossplanet.net
2026-08-08 12:36:50,736 - aqt.installer - INFO - installer 11216 Finished installation of d3dcompiler_47-x64.7z in 4.33451720
2026-08-08 12:36:50,750 - aqt.helper - DEBUG - helper 11216 Attempt to download checksum at https://download.qt.io/online/qtsdkrepository/windows_x86/desktop/qt6_653/qt.qt6.653.win64_msvc2019_64/6.5.3-0-202309260341opengl32sw-64-mesa_11_2_2-signed_sha256.7z.sha256
2026-08-08 12:36:51,750 - aqt.helper - INFO - helper 11216 Downloading opengl32sw...
2026-08-08 12:36:51,751 - aqt.installer - DEBUG - installer 11216 Download URL: https://download.qt.io/online/qtsdkrepository/windows_x86/desktop/qt6_653/qt.qt6.653.win64_msvc2019_64/6.5.3-0-202309260341opengl32sw-64-mesa_11_2_2-signed_sha256.7z
2026-08-08 12:36:52,779 - aqt.helper - DEBUG - helper 11216 Asked to redirect(302) to: https://mirror.ossplanet.net/qtproject/online/qtsdkrepository/windows_x86/desktop/qt6_653/qt.qt6.653.win64_msvc2019_64/6.5.3-0-202309260341opengl32sw-64-mesa_11_2_2-signed_sha256.7z
2026-08-08 12:36:52,779 - aqt.helper - INFO - helper 11216 Redirected: mirror.ossplanet.net
2026-08-08 12:36:59,253 - aqt.installer - INFO - installer 11216 Finished installation of opengl32sw-64-mesa_11_2_2-signed_sha256.7z in 8.50517200
2026-08-08 12:37:06,674 - aqt.installer - INFO - installer 12820 Finished installation of qttools-Windows-Windows_10_22H2-MSVC2019-Windows-Windows_10_22H2-X86_64.7z in 35.39671780
2026-08-08 12:37:16,042 - aqt.installer - INFO - installer 9208 Finished installation of qtbase-Windows-Windows_10_22H2-MSVC2019-Windows-Windows_10_22H2-X86_64.7z in 44.76675580
2026-08-08 12:37:32,501 - aqt.installer - INFO - installer 23868 Finished installation of qtdeclarative-Windows-Windows_10_22H2-MSVC2019-Windows-Windows_10_22H2-X86_64.7z in 61.22585480
2026-08-08 12:37:32,687 - aqt.updater - INFO - updater 1560 Patching C:\Users\19588\Qt\6.5.3\msvc2019_64\bin\qmake.exe
2026-08-08 12:37:32,690 - aqt.updater - INFO - updater 1560 Patching C:\Users\19588\Qt\6.5.3\msvc2019_64\lib\Qt6Concurrent.prl
2026-08-08 12:37:32,691 - aqt.updater - INFO - updater 1560 Patching C:\Users\19588\Qt\6.5.3\msvc2019_64\lib\Qt6Concurrentd.prl
2026-08-08 12:37:32,692 - aqt.updater - INFO - updater 1560 Patching C:\Users\19588\Qt\6.5.3\msvc2019_64\lib\Qt6Core.prl
2026-08-08 12:37:32,692 - aqt.updater - INFO - updater 1560 Patching C:\Users\19588\Qt\6.5.3\msvc2019_64\lib\Qt6Cored.prl
2026-08-08 12:37:32,693 - aqt.updater - INFO - updater 1560 Patching C:\Users\19588\Qt\6.5.3\msvc2019_64\lib\Qt6DBus.prl
2026-08-08 12:37:32,693 - aqt.updater - INFO - updater 1560 Patching C:\Users\19588\Qt\6.5.3\msvc2019_64\lib\Qt6DBusd.prl
2026-08-08 12:37:32,694 - aqt.updater - INFO - updater 1560 Patching C:\Users\19588\Qt\6.5.3\msvc2019_64\lib\Qt6Designer.prl
2026-08-08 12:37:32,694 - aqt.updater - INFO - updater 1560 Patching C:\Users\19588\Qt\6.5.3\msvc2019_64\lib\Qt6DesignerComponents.prl
2026-08-08 12:37:32,694 - aqt.updater - INFO - updater 1560 Patching C:\Users\19588\Qt\6.5.3\msvc2019_64\lib\Qt6DesignerComponentsd.prl
2026-08-08 12:37:32,695 - aqt.updater - INFO - updater 1560 Patching C:\Users\19588\Qt\6.5.3\msvc2019_64\lib\Qt6Designerd.prl
2026-08-08 12:37:32,695 - aqt.updater - INFO - updater 1560 Patching C:\Users\19588\Qt\6.5.3\msvc2019_64\lib\Qt6DeviceDiscoverySupport.prl
2026-08-08 12:37:32,696 - aqt.updater - INFO - updater 1560 Patching C:\Users\19588\Qt\6.5.3\msvc2019_64\lib\Qt6DeviceDiscoverySupportd.prl
2026-08-08 12:37:32,696 - aqt.updater - INFO - updater 1560 Patching C:\Users\19588\Qt\6.5.3\msvc2019_64\lib\Qt6EntryPoint.prl
2026-08-08 12:37:32,697 - aqt.updater - INFO - updater 1560 Patching C:\Users\19588\Qt\6.5.3\msvc2019_64\lib\Qt6EntryPointd.prl
2026-08-08 12:37:32,697 - aqt.updater - INFO - updater 1560 Patching C:\Users\19588\Qt\6.5.3\msvc2019_64\lib\Qt6ExampleIcons.prl
2026-08-08 12:37:32,698 - aqt.updater - INFO - updater 1560 Patching C:\Users\19588\Qt\6.5.3\msvc2019_64\lib\Qt6ExampleIconsd.prl
2026-08-08 12:37:32,699 - aqt.updater - INFO - updater 1560 Patching C:\Users\19588\Qt\6.5.3\msvc2019_64\lib\Qt6FbSupport.prl
2026-08-08 12:37:32,699 - aqt.updater - INFO - updater 1560 Patching C:\Users\19588\Qt\6.5.3\msvc2019_64\lib\Qt6FbSupportd.prl
2026-08-08 12:37:32,699 - aqt.updater - INFO - updater 1560 Patching C:\Users\19588\Qt\6.5.3\msvc2019_64\lib\Qt6Gui.prl
2026-08-08 12:37:32,700 - aqt.updater - INFO - updater 1560 Patching C:\Users\19588\Qt\6.5.3\msvc2019_64\lib\Qt6Guid.prl
2026-08-08 12:37:32,700 - aqt.updater - INFO - updater 1560 Patching C:\Users\19588\Qt\6.5.3\msvc2019_64\lib\Qt6Help.prl
2026-08-08 12:37:32,701 - aqt.updater - INFO - updater 1560 Patching C:\Users\19588\Qt\6.5.3\msvc2019_64\lib\Qt6Helpd.prl
2026-08-08 12:37:32,701 - aqt.updater - INFO - updater 1560 Patching C:\Users\19588\Qt\6.5.3\msvc2019_64\lib\Qt6LabsAnimation.prl
2026-08-08 12:37:32,702 - aqt.updater - INFO - updater 1560 Patching C:\Users\19588\Qt\6.5.3\msvc2019_64\lib\Qt6LabsAnimationd.prl
2026-08-08 12:37:32,702 - aqt.updater - INFO - updater 1560 Patching C:\Users\19588\Qt\6.5.3\msvc2019_64\lib\Qt6LabsFolderListModel.prl
2026-08-08 12:37:32,702 - aqt.updater - INFO - updater 1560 Patching C:\Users\19588\Qt\6.5.3\msvc2019_64\lib\Qt6LabsFolderListModeld.prl
2026-08-08 12:37:32,703 - aqt.updater - INFO - updater 1560 Patching C:\Users\19588\Qt\6.5.3\msvc2019_64\lib\Qt6LabsQmlModels.prl
2026-08-08 12:37:32,703 - aqt.updater - INFO - updater 1560 Patching C:\Users\19588\Qt\6.5.3\msvc2019_64\lib\Qt6LabsQmlModelsd.prl
2026-08-08 12:37:32,704 - aqt.updater - INFO - updater 1560 Patching C:\Users\19588\Qt\6.5.3\msvc2019_64\lib\Qt6LabsSettings.prl
2026-08-08 12:37:32,704 - aqt.updater - INFO - updater 1560 Patching C:\Users\19588\Qt\6.5.3\msvc2019_64\lib\Qt6LabsSettingsd.prl
2026-08-08 12:37:32,704 - aqt.updater - INFO - updater 1560 Patching C:\Users\19588\Qt\6.5.3\msvc2019_64\lib\Qt6LabsSharedImage.prl
2026-08-08 12:37:32,705 - aqt.updater - INFO - updater 1560 Patching C:\Users\19588\Qt\6.5.3\msvc2019_64\lib\Qt6LabsSharedImaged.prl
2026-08-08 12:37:32,705 - aqt.updater - INFO - updater 1560 Patching C:\Users\19588\Qt\6.5.3\msvc2019_64\lib\Qt6LabsWavefrontMesh.prl
2026-08-08 12:37:32,706 - aqt.updater - INFO - updater 1560 Patching C:\Users\19588\Qt\6.5.3\msvc2019_64\lib\Qt6LabsWavefrontMeshd.prl
2026-08-08 12:37:32,706 - aqt.updater - INFO - updater 1560 Patching C:\Users\19588\Qt\6.5.3\msvc2019_64\lib\Qt6Network.prl
2026-08-08 12:37:32,706 - aqt.updater - INFO - updater 1560 Patching C:\Users\19588\Qt\6.5.3\msvc2019_64\lib\Qt6Networkd.prl
2026-08-08 12:37:32,707 - aqt.updater - INFO - updater 1560 Patching C:\Users\19588\Qt\6.5.3\msvc2019_64\lib\Qt6OpenGL.prl
2026-08-08 12:37:32,707 - aqt.updater - INFO - updater 1560 Patching C:\Users\19588\Qt\6.5.3\msvc2019_64\lib\Qt6OpenGLd.prl
2026-08-08 12:37:32,708 - aqt.updater - INFO - updater 1560 Patching C:\Users\19588\Qt\6.5.3\msvc2019_64\lib\Qt6OpenGLWidgets.prl
2026-08-08 12:37:32,708 - aqt.updater - INFO - updater 1560 Patching C:\Users\19588\Qt\6.5.3\msvc2019_64\lib\Qt6OpenGLWidgetsd.prl
2026-08-08 12:37:32,709 - aqt.updater - INFO - updater 1560 Patching C:\Users\19588\Qt\6.5.3\msvc2019_64\lib\Qt6PacketProtocol.prl
2026-08-08 12:37:32,709 - aqt.updater - INFO - updater 1560 Patching C:\Users\19588\Qt\6.5.3\msvc2019_64\lib\Qt6PacketProtocold.prl
2026-08-08 12:37:32,709 - aqt.updater - INFO - updater 1560 Patching C:\Users\19588\Qt\6.5.3\msvc2019_64\lib\Qt6PrintSupport.prl
2026-08-08 12:37:32,710 - aqt.updater - INFO - updater 1560 Patching C:\Users\19588\Qt\6.5.3\msvc2019_64\lib\Qt6PrintSupportd.prl
2026-08-08 12:37:32,711 - aqt.updater - INFO - updater 1560 Patching C:\Users\19588\Qt\6.5.3\msvc2019_64\lib\Qt6Qml.prl
2026-08-08 12:37:32,711 - aqt.updater - INFO - updater 1560 Patching C:\Users\19588\Qt\6.5.3\msvc2019_64\lib\Qt6QmlCompiler.prl
2026-08-08 12:37:32,711 - aqt.updater - INFO - updater 1560 Patching C:\Users\19588\Qt\6.5.3\msvc2019_64\lib\Qt6QmlCompilerd.prl
2026-08-08 12:37:32,712 - aqt.updater - INFO - updater 1560 Patching C:\Users\19588\Qt\6.5.3\msvc2019_64\lib\Qt6QmlCore.prl
2026-08-08 12:37:32,712 - aqt.updater - INFO - updater 1560 Patching C:\Users\19588\Qt\6.5.3\msvc2019_64\lib\Qt6QmlCored.prl
2026-08-08 12:37:32,713 - aqt.updater - INFO - updater 1560 Patching C:\Users\19588\Qt\6.5.3\msvc2019_64\lib\Qt6Qmld.prl
2026-08-08 12:37:32,713 - aqt.updater - INFO - updater 1560 Patching C:\Users\19588\Qt\6.5.3\msvc2019_64\lib\Qt6QmlDebug.prl
2026-08-08 12:37:32,713 - aqt.updater - INFO - updater 1560 Patching C:\Users\19588\Qt\6.5.3\msvc2019_64\lib\Qt6QmlDebugd.prl
2026-08-08 12:37:32,714 - aqt.updater - INFO - updater 1560 Patching C:\Users\19588\Qt\6.5.3\msvc2019_64\lib\Qt6QmlDom.prl
2026-08-08 12:37:32,714 - aqt.updater - INFO - updater 1560 Patching C:\Users\19588\Qt\6.5.3\msvc2019_64\lib\Qt6QmlDomd.prl
2026-08-08 12:37:32,715 - aqt.updater - INFO - updater 1560 Patching C:\Users\19588\Qt\6.5.3\msvc2019_64\lib\Qt6QmlLocalStorage.prl
2026-08-08 12:37:32,715 - aqt.updater - INFO - updater 1560 Patching C:\Users\19588\Qt\6.5.3\msvc2019_64\lib\Qt6QmlLocalStoraged.prl
2026-08-08 12:37:32,715 - aqt.updater - INFO - updater 1560 Patching C:\Users\19588\Qt\6.5.3\msvc2019_64\lib\Qt6QmlModels.prl
2026-08-08 12:37:32,716 - aqt.updater - INFO - updater 1560 Patching C:\Users\19588\Qt\6.5.3\msvc2019_64\lib\Qt6QmlModelsd.prl
2026-08-08 12:37:32,716 - aqt.updater - INFO - updater 1560 Patching C:\Users\19588\Qt\6.5.3\msvc2019_64\lib\Qt6QmlTypeRegistrar.prl
2026-08-08 12:37:32,717 - aqt.updater - INFO - updater 1560 Patching C:\Users\19588\Qt\6.5.3\msvc2019_64\lib\Qt6QmlTypeRegistrard.prl
2026-08-08 12:37:32,717 - aqt.updater - INFO - updater 1560 Patching C:\Users\19588\Qt\6.5.3\msvc2019_64\lib\Qt6QmlWorkerScript.prl
2026-08-08 12:37:32,717 - aqt.updater - INFO - updater 1560 Patching C:\Users\19588\Qt\6.5.3\msvc2019_64\lib\Qt6QmlWorkerScriptd.prl
2026-08-08 12:37:32,718 - aqt.updater - INFO - updater 1560 Patching C:\Users\19588\Qt\6.5.3\msvc2019_64\lib\Qt6QmlXmlListModel.prl
2026-08-08 12:37:32,718 - aqt.updater - INFO - updater 1560 Patching C:\Users\19588\Qt\6.5.3\msvc2019_64\lib\Qt6QmlXmlListModeld.prl
2026-08-08 12:37:32,719 - aqt.updater - INFO - updater 1560 Patching C:\Users\19588\Qt\6.5.3\msvc2019_64\lib\Qt6Quick.prl
2026-08-08 12:37:32,719 - aqt.updater - INFO - updater 1560 Patching C:\Users\19588\Qt\6.5.3\msvc2019_64\lib\Qt6QuickControls2.prl
2026-08-08 12:37:32,719 - aqt.updater - INFO - updater 1560 Patching C:\Users\19588\Qt\6.5.3\msvc2019_64\lib\Qt6QuickControls2d.prl
2026-08-08 12:37:32,720 - aqt.updater - INFO - updater 1560 Patching C:\Users\19588\Qt\6.5.3\msvc2019_64\lib\Qt6QuickControls2Impl.prl
2026-08-08 12:37:32,720 - aqt.updater - INFO - updater 1560 Patching C:\Users\19588\Qt\6.5.3\msvc2019_64\lib\Qt6QuickControls2Impld.prl
2026-08-08 12:37:32,720 - aqt.updater - INFO - updater 1560 Patching C:\Users\19588\Qt\6.5.3\msvc2019_64\lib\Qt6QuickControlsTestUtils.prl
2026-08-08 12:37:32,721 - aqt.updater - INFO - updater 1560 Patching C:\Users\19588\Qt\6.5.3\msvc2019_64\lib\Qt6QuickControlsTestUtilsd.prl
2026-08-08 12:37:32,721 - aqt.updater - INFO - updater 1560 Patching C:\Users\19588\Qt\6.5.3\msvc2019_64\lib\Qt6Quickd.prl
2026-08-08 12:37:32,722 - aqt.updater - INFO - updater 1560 Patching C:\Users\19588\Qt\6.5.3\msvc2019_64\lib\Qt6QuickDialogs2.prl
2026-08-08 12:37:32,722 - aqt.updater - INFO - updater 1560 Patching C:\Users\19588\Qt\6.5.3\msvc2019_64\lib\Qt6QuickDialogs2d.prl
2026-08-08 12:37:32,722 - aqt.updater - INFO - updater 1560 Patching C:\Users\19588\Qt\6.5.3\msvc2019_64\lib\Qt6QuickDialogs2QuickImpl.prl
2026-08-08 12:37:32,723 - aqt.updater - INFO - updater 1560 Patching C:\Users\19588\Qt\6.5.3\msvc2019_64\lib\Qt6QuickDialogs2QuickImpld.prl
2026-08-08 12:37:32,723 - aqt.updater - INFO - updater 1560 Patching C:\Users\19588\Qt\6.5.3\msvc2019_64\lib\Qt6QuickDialogs2Utils.prl
2026-08-08 12:37:32,724 - aqt.updater - INFO - updater 1560 Patching C:\Users\19588\Qt\6.5.3\msvc2019_64\lib\Qt6QuickDialogs2Utilsd.prl
2026-08-08 12:37:32,724 - aqt.updater - INFO - updater 1560 Patching C:\Users\19588\Qt\6.5.3\msvc2019_64\lib\Qt6QuickEffects.prl
2026-08-08 12:37:32,724 - aqt.updater - INFO - updater 1560 Patching C:\Users\19588\Qt\6.5.3\msvc2019_64\lib\Qt6QuickEffectsd.prl
2026-08-08 12:37:32,725 - aqt.updater - INFO - updater 1560 Patching C:\Users\19588\Qt\6.5.3\msvc2019_64\lib\Qt6QuickLayouts.prl
2026-08-08 12:37:32,725 - aqt.updater - INFO - updater 1560 Patching C:\Users\19588\Qt\6.5.3\msvc2019_64\lib\Qt6QuickLayoutsd.prl
2026-08-08 12:37:32,725 - aqt.updater - INFO - updater 1560 Patching C:\Users\19588\Qt\6.5.3\msvc2019_64\lib\Qt6QuickParticles.prl
2026-08-08 12:37:32,726 - aqt.updater - INFO - updater 1560 Patching C:\Users\19588\Qt\6.5.3\msvc2019_64\lib\Qt6QuickParticlesd.prl
2026-08-08 12:37:32,726 - aqt.updater - INFO - updater 1560 Patching C:\Users\19588\Qt\6.5.3\msvc2019_64\lib\Qt6QuickShapes.prl
2026-08-08 12:37:32,727 - aqt.updater - INFO - updater 1560 Patching C:\Users\19588\Qt\6.5.3\msvc2019_64\lib\Qt6QuickShapesd.prl
2026-08-08 12:37:32,727 - aqt.updater - INFO - updater 1560 Patching C:\Users\19588\Qt\6.5.3\msvc2019_64\lib\Qt6QuickTemplates2.prl
2026-08-08 12:37:32,727 - aqt.updater - INFO - updater 1560 Patching C:\Users\19588\Qt\6.5.3\msvc2019_64\lib\Qt6QuickTemplates2d.prl
2026-08-08 12:37:32,728 - aqt.updater - INFO - updater 1560 Patching C:\Users\19588\Qt\6.5.3\msvc2019_64\lib\Qt6QuickTest.prl
2026-08-08 12:37:32,728 - aqt.updater - INFO - updater 1560 Patching C:\Users\19588\Qt\6.5.3\msvc2019_64\lib\Qt6QuickTestd.prl
2026-08-08 12:37:32,729 - aqt.updater - INFO - updater 1560 Patching C:\Users\19588\Qt\6.5.3\msvc2019_64\lib\Qt6QuickTestUtils.prl
2026-08-08 12:37:32,729 - aqt.updater - INFO - updater 1560 Patching C:\Users\19588\Qt\6.5.3\msvc2019_64\lib\Qt6QuickTestUtilsd.prl
2026-08-08 12:37:32,729 - aqt.updater - INFO - updater 1560 Patching C:\Users\19588\Qt\6.5.3\msvc2019_64\lib\Qt6QuickWidgets.prl
2026-08-08 12:37:32,730 - aqt.updater - INFO - updater 1560 Patching C:\Users\19588\Qt\6.5.3\msvc2019_64\lib\Qt6QuickWidgetsd.prl
2026-08-08 12:37:32,730 - aqt.updater - INFO - updater 1560 Patching C:\Users\19588\Qt\6.5.3\msvc2019_64\lib\Qt6Sql.prl
2026-08-08 12:37:32,730 - aqt.updater - INFO - updater 1560 Patching C:\Users\19588\Qt\6.5.3\msvc2019_64\lib\Qt6Sqld.prl
2026-08-08 12:37:32,731 - aqt.updater - INFO - updater 1560 Patching C:\Users\19588\Qt\6.5.3\msvc2019_64\lib\Qt6Svg.prl
2026-08-08 12:37:32,731 - aqt.updater - INFO - updater 1560 Patching C:\Users\19588\Qt\6.5.3\msvc2019_64\lib\Qt6Svgd.prl
2026-08-08 12:37:32,732 - aqt.updater - INFO - updater 1560 Patching C:\Users\19588\Qt\6.5.3\msvc2019_64\lib\Qt6SvgWidgets.prl
2026-08-08 12:37:32,732 - aqt.updater - INFO - updater 1560 Patching C:\Users\19588\Qt\6.5.3\msvc2019_64\lib\Qt6SvgWidgetsd.prl
2026-08-08 12:37:32,732 - aqt.updater - INFO - updater 1560 Patching C:\Users\19588\Qt\6.5.3\msvc2019_64\lib\Qt6Test.prl
2026-08-08 12:37:32,733 - aqt.updater - INFO - updater 1560 Patching C:\Users\19588\Qt\6.5.3\msvc2019_64\lib\Qt6Testd.prl
2026-08-08 12:37:32,733 - aqt.updater - INFO - updater 1560 Patching C:\Users\19588\Qt\6.5.3\msvc2019_64\lib\Qt6UiTools.prl
2026-08-08 12:37:32,734 - aqt.updater - INFO - updater 1560 Patching C:\Users\19588\Qt\6.5.3\msvc2019_64\lib\Qt6UiToolsd.prl
2026-08-08 12:37:32,734 - aqt.updater - INFO - updater 1560 Patching C:\Users\19588\Qt\6.5.3\msvc2019_64\lib\Qt6Widgets.prl
2026-08-08 12:37:32,735 - aqt.updater - INFO - updater 1560 Patching C:\Users\19588\Qt\6.5.3\msvc2019_64\lib\Qt6Widgetsd.prl
2026-08-08 12:37:32,735 - aqt.updater - INFO - updater 1560 Patching C:\Users\19588\Qt\6.5.3\msvc2019_64\lib\Qt6Xml.prl
2026-08-08 12:37:32,735 - aqt.updater - INFO - updater 1560 Patching C:\Users\19588\Qt\6.5.3\msvc2019_64\lib\Qt6Xmld.prl
2026-08-08 12:37:32,736 - aqt.main - INFO - installer 1560 Finished installation
2026-08-08 12:37:32,736 - aqt.main - INFO - installer 1560 Time elapsed: 63.81284080 second
2026-08-08 19:11:01,437 - aqt.helper - DEBUG - helper 3440 Attempt to download checksum at https://download.qt.io/online/qtsdkrepository/windows_x86/desktop/qt6_653/Updates.xml.sha256
2026-08-08 19:11:02,987 - aqt.helper - DEBUG - helper 3440 Attempt to download checksum at https://download.qt.io/online/qtsdkrepository/windows_x86/desktop/qt6_653_wasm_singlethread/Updates.xml.sha256
2026-08-08 19:11:04,631 - aqt.helper - DEBUG - helper 3440 Attempt to download checksum at https://download.qt.io/online/qtsdkrepository/windows_x86/desktop/qt6_653_wasm_multithread/Updates.xml.sha256
2026-08-08 19:11:09,222 - aqt.helper - DEBUG - helper 5360 Attempt to download checksum at https://download.qt.io/online/qtsdkrepository/windows_x86/desktop/qt6_673/Updates.xml.sha256
2026-08-08 19:11:11,323 - aqt.helper - DEBUG - helper 19712 Attempt to download checksum at https://download.qt.io/online/qtsdkrepository/windows_x86/desktop/qt6_682/qt6_682/Updates.xml.sha256
2026-08-08 19:11:18,420 - aqt.main - INFO - installer 21904 aqtinstall(aqt) v3.3.0 on Python 3.13.14 [CPython MSC v.1942 64 bit (AMD64)]
2026-08-08 19:11:18,421 - aqt.helper - DEBUG - helper 21904 Attempt to download checksum at https://download.qt.io/online/qtsdkrepository/windows_x86/desktop/qt6_682/qt6_682/Updates.xml.sha256
2026-08-08 19:11:20,110 - aqt.helper - DEBUG - helper 21904 Attempt to download checksum at https://download.qt.io/online/qtsdkrepository/windows_x86/extensions/qtwebengine/682/msvc2022_64/Updates.xml.sha256
2026-08-08 19:11:21,529 - aqt.archives - INFO - archives 21904 Found extension qtwebengine
2026-08-08 19:11:21,530 - aqt.helper - DEBUG - helper 21904 Attempt to download checksum at https://download.qt.io/online/qtsdkrepository/windows_x86/extensions/qtpdf/682/msvc2022_64/Updates.xml.sha256
2026-08-08 19:11:22,952 - aqt.archives - INFO - archives 21904 Found extension qtpdf
2026-08-08 19:11:23,416 - aqt.helper - DEBUG - helper 5676 Attempt to download checksum at https://download.qt.io/online/qtsdkrepository/windows_x86/desktop/qt6_682/qt6_682/qt.qt6.682.win64_msvc2022_64/6.8.2-0-202501260838qtsvg-Windows-Windows_11_23H2-MSVC2022-Windows-Windows_11_23H2-X86_64.7z.sha256
2026-08-08 19:11:23,416 - aqt.helper - DEBUG - helper 18280 Attempt to download checksum at https://download.qt.io/online/qtsdkrepository/windows_x86/desktop/qt6_682/qt6_682/qt.qt6.682.win64_msvc2022_64/6.8.2-0-202501260838qtbase-Windows-Windows_11_23H2-MSVC2022-Windows-Windows_11_23H2-X86_64.7z.sha256
2026-08-08 19:11:23,424 - aqt.helper - DEBUG - helper 11608 Attempt to download checksum at https://download.qt.io/online/qtsdkrepository/windows_x86/desktop/qt6_682/qt6_682/qt.qt6.682.win64_msvc2022_64/6.8.2-0-202501260838qtdeclarative-Windows-Windows_11_23H2-MSVC2022-Windows-Windows_11_23H2-X86_64.7z.sha256
2026-08-08 19:11:23,432 - aqt.helper - DEBUG - helper 24064 Attempt to download checksum at https://download.qt.io/online/qtsdkrepository/windows_x86/desktop/qt6_682/qt6_682/qt.qt6.682.win64_msvc2022_64/6.8.2-0-202501260838qttools-Windows-Windows_11_23H2-MSVC2022-Windows-Windows_11_23H2-X86_64.7z.sha256
2026-08-08 19:11:24,165 - aqt.helper - INFO - helper 18280 Downloading qtbase...
2026-08-08 19:11:24,166 - aqt.installer - DEBUG - installer 18280 Download URL: https://download.qt.io/online/qtsdkrepository/windows_x86/desktop/qt6_682/qt6_682/qt.qt6.682.win64_msvc2022_64/6.8.2-0-202501260838qtbase-Windows-Windows_11_23H2-MSVC2022-Windows-Windows_11_23H2-X86_64.7z
2026-08-08 19:11:24,173 - aqt.helper - INFO - helper 5676 Downloading qtsvg...
2026-08-08 19:11:24,173 - aqt.installer - DEBUG - installer 5676 Download URL: https://download.qt.io/online/qtsdkrepository/windows_x86/desktop/qt6_682/qt6_682/qt.qt6.682.win64_msvc2022_64/6.8.2-0-202501260838qtsvg-Windows-Windows_11_23H2-MSVC2022-Windows-Windows_11_23H2-X86_64.7z
2026-08-08 19:11:24,183 - aqt.helper - INFO - helper 11608 Downloading qtdeclarative...
2026-08-08 19:11:24,183 - aqt.installer - DEBUG - installer 11608 Download URL: https://download.qt.io/online/qtsdkrepository/windows_x86/desktop/qt6_682/qt6_682/qt.qt6.682.win64_msvc2022_64/6.8.2-0-202501260838qtdeclarative-Windows-Windows_11_23H2-MSVC2022-Windows-Windows_11_23H2-X86_64.7z
2026-08-08 19:11:24,194 - aqt.helper - INFO - helper 24064 Downloading qttools...
2026-08-08 19:11:24,194 - aqt.installer - DEBUG - installer 24064 Download URL: https://download.qt.io/online/qtsdkrepository/windows_x86/desktop/qt6_682/qt6_682/qt.qt6.682.win64_msvc2022_64/6.8.2-0-202501260838qttools-Windows-Windows_11_23H2-MSVC2022-Windows-Windows_11_23H2-X86_64.7z
2026-08-08 19:11:24,950 - aqt.helper - DEBUG - helper 5676 Asked to redirect(302) to: https://ftp.jaist.ac.jp/pub/qtproject/online/qtsdkrepository/windows_x86/desktop/qt6_682/qt6_682/qt.qt6.682.win64_msvc2022_64/6.8.2-0-202501260838qtsvg-Windows-Windows_11_23H2-MSVC2022-Windows-Windows_11_23H2-X86_64.7z
2026-08-08 19:11:24,950 - aqt.helper - INFO - helper 5676 Redirected: ftp.jaist.ac.jp
2026-08-08 19:11:24,959 - aqt.helper - DEBUG - helper 24064 Asked to redirect(302) to: https://ftp.jaist.ac.jp/pub/qtproject/online/qtsdkrepository/windows_x86/desktop/qt6_682/qt6_682/qt.qt6.682.win64_msvc2022_64/6.8.2-0-202501260838qttools-Windows-Windows_11_23H2-MSVC2022-Windows-Windows_11_23H2-X86_64.7z
2026-08-08 19:11:24,960 - aqt.helper - INFO - helper 24064 Redirected: ftp.jaist.ac.jp
2026-08-08 19:11:24,991 - aqt.helper - DEBUG - helper 18280 Asked to redirect(302) to: https://ftp.jaist.ac.jp/pub/qtproject/online/qtsdkrepository/windows_x86/desktop/qt6_682/qt6_682/qt.qt6.682.win64_msvc2022_64/6.8.2-0-202501260838qtbase-Windows-Windows_11_23H2-MSVC2022-Windows-Windows_11_23H2-X86_64.7z
2026-08-08 19:11:24,991 - aqt.helper - INFO - helper 18280 Redirected: ftp.jaist.ac.jp
2026-08-08 19:11:25,039 - aqt.helper - DEBUG - helper 11608 Asked to redirect(302) to: https://ftp.jaist.ac.jp/pub/qtproject/online/qtsdkrepository/windows_x86/desktop/qt6_682/qt6_682/qt.qt6.682.win64_msvc2022_64/6.8.2-0-202501260838qtdeclarative-Windows-Windows_11_23H2-MSVC2022-Windows-Windows_11_23H2-X86_64.7z
2026-08-08 19:11:25,039 - aqt.helper - INFO - helper 11608 Redirected: ftp.jaist.ac.jp
2026-08-08 19:11:27,599 - aqt.installer - INFO - installer 5676 Finished installation of qtsvg-Windows-Windows_11_23H2-MSVC2022-Windows-Windows_11_23H2-X86_64.7z in 4.18561900
2026-08-08 19:11:27,617 - aqt.helper - DEBUG - helper 5676 Attempt to download checksum at https://download.qt.io/online/qtsdkrepository/windows_x86/desktop/qt6_682/qt6_682/qt.qt6.682.win64_msvc2022_64/6.8.2-0-202501260838qttranslations-Windows-Windows_11_23H2-MSVC2022-Windows-Windows_11_23H2-X86_64.7z.sha256
2026-08-08 19:11:28,318 - aqt.helper - INFO - helper 5676 Downloading qttranslations...
2026-08-08 19:11:28,319 - aqt.installer - DEBUG - installer 5676 Download URL: https://download.qt.io/online/qtsdkrepository/windows_x86/desktop/qt6_682/qt6_682/qt.qt6.682.win64_msvc2022_64/6.8.2-0-202501260838qttranslations-Windows-Windows_11_23H2-MSVC2022-Windows-Windows_11_23H2-X86_64.7z
2026-08-08 19:11:29,067 - aqt.helper - DEBUG - helper 5676 Asked to redirect(302) to: https://ftp.jaist.ac.jp/pub/qtproject/online/qtsdkrepository/windows_x86/desktop/qt6_682/qt6_682/qt.qt6.682.win64_msvc2022_64/6.8.2-0-202501260838qttranslations-Windows-Windows_11_23H2-MSVC2022-Windows-Windows_11_23H2-X86_64.7z
2026-08-08 19:11:29,067 - aqt.helper - INFO - helper 5676 Redirected: ftp.jaist.ac.jp
2026-08-08 19:11:30,919 - aqt.installer - INFO - installer 5676 Finished installation of qttranslations-Windows-Windows_11_23H2-MSVC2022-Windows-Windows_11_23H2-X86_64.7z in 3.30723300
2026-08-08 19:11:30,938 - aqt.helper - DEBUG - helper 5676 Attempt to download checksum at https://download.qt.io/online/qtsdkrepository/windows_x86/desktop/qt6_682/qt6_682/qt.qt6.682.win64_msvc2022_64/6.8.2-0-202501260838d3dcompiler_47-x64.7z.sha256
2026-08-08 19:11:31,664 - aqt.helper - INFO - helper 5676 Downloading d3dcompiler_47...
2026-08-08 19:11:31,664 - aqt.installer - DEBUG - installer 5676 Download URL: https://download.qt.io/online/qtsdkrepository/windows_x86/desktop/qt6_682/qt6_682/qt.qt6.682.win64_msvc2022_64/6.8.2-0-202501260838d3dcompiler_47-x64.7z
2026-08-08 19:11:32,395 - aqt.helper - DEBUG - helper 5676 Asked to redirect(302) to: https://ftp.jaist.ac.jp/pub/qtproject/online/qtsdkrepository/windows_x86/desktop/qt6_682/qt6_682/qt.qt6.682.win64_msvc2022_64/6.8.2-0-202501260838d3dcompiler_47-x64.7z
2026-08-08 19:11:32,395 - aqt.helper - INFO - helper 5676 Redirected: ftp.jaist.ac.jp
2026-08-08 19:11:33,873 - aqt.installer - INFO - installer 5676 Finished installation of d3dcompiler_47-x64.7z in 2.93869110
2026-08-08 19:11:33,888 - aqt.helper - DEBUG - helper 5676 Attempt to download checksum at https://download.qt.io/online/qtsdkrepository/windows_x86/desktop/qt6_682/qt6_682/qt.qt6.682.win64_msvc2022_64/6.8.2-0-202501260838opengl32sw-64-mesa_11_2_2-signed_sha256.7z.sha256
2026-08-08 19:11:34,736 - aqt.helper - INFO - helper 5676 Downloading opengl32sw...
2026-08-08 19:11:34,736 - aqt.installer - DEBUG - installer 5676 Download URL: https://download.qt.io/online/qtsdkrepository/windows_x86/desktop/qt6_682/qt6_682/qt.qt6.682.win64_msvc2022_64/6.8.2-0-202501260838opengl32sw-64-mesa_11_2_2-signed_sha256.7z
2026-08-08 19:11:35,460 - aqt.helper - DEBUG - helper 5676 Asked to redirect(302) to: https://ftp.jaist.ac.jp/pub/qtproject/online/qtsdkrepository/windows_x86/desktop/qt6_682/qt6_682/qt.qt6.682.win64_msvc2022_64/6.8.2-0-202501260838opengl32sw-64-mesa_11_2_2-signed_sha256.7z
2026-08-08 19:11:35,460 - aqt.helper - INFO - helper 5676 Redirected: ftp.jaist.ac.jp
2026-08-08 19:11:42,520 - aqt.installer - INFO - installer 5676 Finished installation of opengl32sw-64-mesa_11_2_2-signed_sha256.7z in 8.63532290
2026-08-08 19:11:44,648 - aqt.installer - INFO - installer 24064 Finished installation of qttools-Windows-Windows_11_23H2-MSVC2022-Windows-Windows_11_23H2-X86_64.7z in 21.21983760
2026-08-08 19:12:59,884 - aqt.installer - INFO - installer 18280 Finished installation of qtbase-Windows-Windows_11_23H2-MSVC2022-Windows-Windows_11_23H2-X86_64.7z in 96.47105130
2026-08-08 19:15:41,322 - aqt.installer - INFO - installer 11608 Finished installation of qtdeclarative-Windows-Windows_11_23H2-MSVC2022-Windows-Windows_11_23H2-X86_64.7z in 257.90101390
2026-08-08 19:15:41,534 - aqt.updater - INFO - updater 21904 Patching C:\Users\19588\Qt\6.8.2\msvc2022_64\bin\qmake.exe
2026-08-08 19:15:41,544 - aqt.updater - INFO - updater 21904 Patching C:\Users\19588\Qt\6.8.2\msvc2022_64\lib\Qt6Concurrent.prl
2026-08-08 19:15:41,545 - aqt.updater - INFO - updater 21904 Patching C:\Users\19588\Qt\6.8.2\msvc2022_64\lib\Qt6Concurrentd.prl
2026-08-08 19:15:41,547 - aqt.updater - INFO - updater 21904 Patching C:\Users\19588\Qt\6.8.2\msvc2022_64\lib\Qt6Core.prl
2026-08-08 19:15:41,548 - aqt.updater - INFO - updater 21904 Patching C:\Users\19588\Qt\6.8.2\msvc2022_64\lib\Qt6Cored.prl
2026-08-08 19:15:41,549 - aqt.updater - INFO - updater 21904 Patching C:\Users\19588\Qt\6.8.2\msvc2022_64\lib\Qt6DBus.prl
2026-08-08 19:15:41,550 - aqt.updater - INFO - updater 21904 Patching C:\Users\19588\Qt\6.8.2\msvc2022_64\lib\Qt6DBusd.prl
2026-08-08 19:15:41,550 - aqt.updater - INFO - updater 21904 Patching C:\Users\19588\Qt\6.8.2\msvc2022_64\lib\Qt6Designer.prl
2026-08-08 19:15:41,551 - aqt.updater - INFO - updater 21904 Patching C:\Users\19588\Qt\6.8.2\msvc2022_64\lib\Qt6DesignerComponents.prl
2026-08-08 19:15:41,552 - aqt.updater - INFO - updater 21904 Patching C:\Users\19588\Qt\6.8.2\msvc2022_64\lib\Qt6DesignerComponentsd.prl
2026-08-08 19:15:41,554 - aqt.updater - INFO - updater 21904 Patching C:\Users\19588\Qt\6.8.2\msvc2022_64\lib\Qt6Designerd.prl
2026-08-08 19:15:41,555 - aqt.updater - INFO - updater 21904 Patching C:\Users\19588\Qt\6.8.2\msvc2022_64\lib\Qt6DeviceDiscoverySupport.prl
2026-08-08 19:15:41,556 - aqt.updater - INFO - updater 21904 Patching C:\Users\19588\Qt\6.8.2\msvc2022_64\lib\Qt6DeviceDiscoverySupportd.prl
2026-08-08 19:15:41,557 - aqt.updater - INFO - updater 21904 Patching C:\Users\19588\Qt\6.8.2\msvc2022_64\lib\Qt6EntryPoint.prl
2026-08-08 19:15:41,558 - aqt.updater - INFO - updater 21904 Patching C:\Users\19588\Qt\6.8.2\msvc2022_64\lib\Qt6EntryPointd.prl
2026-08-08 19:15:41,558 - aqt.updater - INFO - updater 21904 Patching C:\Users\19588\Qt\6.8.2\msvc2022_64\lib\Qt6ExampleIcons.prl
2026-08-08 19:15:41,559 - aqt.updater - INFO - updater 21904 Patching C:\Users\19588\Qt\6.8.2\msvc2022_64\lib\Qt6ExampleIconsd.prl
2026-08-08 19:15:41,559 - aqt.updater - INFO - updater 21904 Patching C:\Users\19588\Qt\6.8.2\msvc2022_64\lib\Qt6ExamplesAssetDownloader.prl
2026-08-08 19:15:41,560 - aqt.updater - INFO - updater 21904 Patching C:\Users\19588\Qt\6.8.2\msvc2022_64\lib\Qt6ExamplesAssetDownloaderd.prl
2026-08-08 19:15:41,561 - aqt.updater - INFO - updater 21904 Patching C:\Users\19588\Qt\6.8.2\msvc2022_64\lib\Qt6FbSupport.prl
2026-08-08 19:15:41,561 - aqt.updater - INFO - updater 21904 Patching C:\Users\19588\Qt\6.8.2\msvc2022_64\lib\Qt6FbSupportd.prl
2026-08-08 19:15:41,562 - aqt.updater - INFO - updater 21904 Patching C:\Users\19588\Qt\6.8.2\msvc2022_64\lib\Qt6Gui.prl
2026-08-08 19:15:41,562 - aqt.updater - INFO - updater 21904 Patching C:\Users\19588\Qt\6.8.2\msvc2022_64\lib\Qt6Guid.prl
2026-08-08 19:15:41,563 - aqt.updater - INFO - updater 21904 Patching C:\Users\19588\Qt\6.8.2\msvc2022_64\lib\Qt6Help.prl
2026-08-08 19:15:41,564 - aqt.updater - INFO - updater 21904 Patching C:\Users\19588\Qt\6.8.2\msvc2022_64\lib\Qt6Helpd.prl
2026-08-08 19:15:41,564 - aqt.updater - INFO - updater 21904 Patching C:\Users\19588\Qt\6.8.2\msvc2022_64\lib\Qt6LabsAnimation.prl
2026-08-08 19:15:41,565 - aqt.updater - INFO - updater 21904 Patching C:\Users\19588\Qt\6.8.2\msvc2022_64\lib\Qt6LabsAnimationd.prl
2026-08-08 19:15:41,566 - aqt.updater - INFO - updater 21904 Patching C:\Users\19588\Qt\6.8.2\msvc2022_64\lib\Qt6LabsFolderListModel.prl
2026-08-08 19:15:41,566 - aqt.updater - INFO - updater 21904 Patching C:\Users\19588\Qt\6.8.2\msvc2022_64\lib\Qt6LabsFolderListModeld.prl
2026-08-08 19:15:41,567 - aqt.updater - INFO - updater 21904 Patching C:\Users\19588\Qt\6.8.2\msvc2022_64\lib\Qt6LabsPlatform.prl
2026-08-08 19:15:41,568 - aqt.updater - INFO - updater 21904 Patching C:\Users\19588\Qt\6.8.2\msvc2022_64\lib\Qt6LabsPlatformd.prl
2026-08-08 19:15:41,568 - aqt.updater - INFO - updater 21904 Patching C:\Users\19588\Qt\6.8.2\msvc2022_64\lib\Qt6LabsQmlModels.prl
2026-08-08 19:15:41,569 - aqt.updater - INFO - updater 21904 Patching C:\Users\19588\Qt\6.8.2\msvc2022_64\lib\Qt6LabsQmlModelsd.prl
2026-08-08 19:15:41,569 - aqt.updater - INFO - updater 21904 Patching C:\Users\19588\Qt\6.8.2\msvc2022_64\lib\Qt6LabsSettings.prl
2026-08-08 19:15:41,570 - aqt.updater - INFO - updater 21904 Patching C:\Users\19588\Qt\6.8.2\msvc2022_64\lib\Qt6LabsSettingsd.prl
2026-08-08 19:15:41,571 - aqt.updater - INFO - updater 21904 Patching C:\Users\19588\Qt\6.8.2\msvc2022_64\lib\Qt6LabsSharedImage.prl
2026-08-08 19:15:41,572 - aqt.updater - INFO - updater 21904 Patching C:\Users\19588\Qt\6.8.2\msvc2022_64\lib\Qt6LabsSharedImaged.prl
2026-08-08 19:15:41,573 - aqt.updater - INFO - updater 21904 Patching C:\Users\19588\Qt\6.8.2\msvc2022_64\lib\Qt6LabsWavefrontMesh.prl
2026-08-08 19:15:41,574 - aqt.updater - INFO - updater 21904 Patching C:\Users\19588\Qt\6.8.2\msvc2022_64\lib\Qt6LabsWavefrontMeshd.prl
2026-08-08 19:15:41,575 - aqt.updater - INFO - updater 21904 Patching C:\Users\19588\Qt\6.8.2\msvc2022_64\lib\Qt6Network.prl
2026-08-08 19:15:41,575 - aqt.updater - INFO - updater 21904 Patching C:\Users\19588\Qt\6.8.2\msvc2022_64\lib\Qt6Networkd.prl
2026-08-08 19:15:41,576 - aqt.updater - INFO - updater 21904 Patching C:\Users\19588\Qt\6.8.2\msvc2022_64\lib\Qt6OpenGL.prl
2026-08-08 19:15:41,578 - aqt.updater - INFO - updater 21904 Patching C:\Users\19588\Qt\6.8.2\msvc2022_64\lib\Qt6OpenGLd.prl
2026-08-08 19:15:41,579 - aqt.updater - INFO - updater 21904 Patching C:\Users\19588\Qt\6.8.2\msvc2022_64\lib\Qt6OpenGLWidgets.prl
2026-08-08 19:15:41,580 - aqt.updater - INFO - updater 21904 Patching C:\Users\19588\Qt\6.8.2\msvc2022_64\lib\Qt6OpenGLWidgetsd.prl
2026-08-08 19:15:41,581 - aqt.updater - INFO - updater 21904 Patching C:\Users\19588\Qt\6.8.2\msvc2022_64\lib\Qt6PacketProtocol.prl
2026-08-08 19:15:41,582 - aqt.updater - INFO - updater 21904 Patching C:\Users\19588\Qt\6.8.2\msvc2022_64\lib\Qt6PacketProtocold.prl
2026-08-08 19:15:41,584 - aqt.updater - INFO - updater 21904 Patching C:\Users\19588\Qt\6.8.2\msvc2022_64\lib\Qt6PrintSupport.prl
2026-08-08 19:15:41,585 - aqt.updater - INFO - updater 21904 Patching C:\Users\19588\Qt\6.8.2\msvc2022_64\lib\Qt6PrintSupportd.prl
2026-08-08 19:15:41,586 - aqt.updater - INFO - updater 21904 Patching C:\Users\19588\Qt\6.8.2\msvc2022_64\lib\Qt6Qml.prl
2026-08-08 19:15:41,587 - aqt.updater - INFO - updater 21904 Patching C:\Users\19588\Qt\6.8.2\msvc2022_64\lib\Qt6QmlAssetDownloader.prl
2026-08-08 19:15:41,588 - aqt.updater - INFO - updater 21904 Patching C:\Users\19588\Qt\6.8.2\msvc2022_64\lib\Qt6QmlAssetDownloaderd.prl
2026-08-08 19:15:41,589 - aqt.updater - INFO - updater 21904 Patching C:\Users\19588\Qt\6.8.2\msvc2022_64\lib\Qt6QmlCompiler.prl
2026-08-08 19:15:41,590 - aqt.updater - INFO - updater 21904 Patching C:\Users\19588\Qt\6.8.2\msvc2022_64\lib\Qt6QmlCompilerd.prl
2026-08-08 19:15:41,591 - aqt.updater - INFO - updater 21904 Patching C:\Users\19588\Qt\6.8.2\msvc2022_64\lib\Qt6QmlCore.prl
2026-08-08 19:15:41,592 - aqt.updater - INFO - updater 21904 Patching C:\Users\19588\Qt\6.8.2\msvc2022_64\lib\Qt6QmlCored.prl
2026-08-08 19:15:41,593 - aqt.updater - INFO - updater 21904 Patching C:\Users\19588\Qt\6.8.2\msvc2022_64\lib\Qt6Qmld.prl
2026-08-08 19:15:41,594 - aqt.updater - INFO - updater 21904 Patching C:\Users\19588\Qt\6.8.2\msvc2022_64\lib\Qt6QmlDebug.prl
2026-08-08 19:15:41,595 - aqt.updater - INFO - updater 21904 Patching C:\Users\19588\Qt\6.8.2\msvc2022_64\lib\Qt6QmlDebugd.prl
2026-08-08 19:15:41,596 - aqt.updater - INFO - updater 21904 Patching C:\Users\19588\Qt\6.8.2\msvc2022_64\lib\Qt6QmlDom.prl
2026-08-08 19:15:41,598 - aqt.updater - INFO - updater 21904 Patching C:\Users\19588\Qt\6.8.2\msvc2022_64\lib\Qt6QmlDomd.prl
2026-08-08 19:15:41,599 - aqt.updater - INFO - updater 21904 Patching C:\Users\19588\Qt\6.8.2\msvc2022_64\lib\Qt6QmlLocalStorage.prl
2026-08-08 19:15:41,600 - aqt.updater - INFO - updater 21904 Patching C:\Users\19588\Qt\6.8.2\msvc2022_64\lib\Qt6QmlLocalStoraged.prl
2026-08-08 19:15:41,601 - aqt.updater - INFO - updater 21904 Patching C:\Users\19588\Qt\6.8.2\msvc2022_64\lib\Qt6QmlLS.prl
2026-08-08 19:15:41,602 - aqt.updater - INFO - updater 21904 Patching C:\Users\19588\Qt\6.8.2\msvc2022_64\lib\Qt6QmlLSd.prl
2026-08-08 19:15:41,603 - aqt.updater - INFO - updater 21904 Patching C:\Users\19588\Qt\6.8.2\msvc2022_64\lib\Qt6QmlMeta.prl
2026-08-08 19:15:41,604 - aqt.updater - INFO - updater 21904 Patching C:\Users\19588\Qt\6.8.2\msvc2022_64\lib\Qt6QmlMetad.prl
2026-08-08 19:15:41,605 - aqt.updater - INFO - updater 21904 Patching C:\Users\19588\Qt\6.8.2\msvc2022_64\lib\Qt6QmlModels.prl
2026-08-08 19:15:41,606 - aqt.updater - INFO - updater 21904 Patching C:\Users\19588\Qt\6.8.2\msvc2022_64\lib\Qt6QmlModelsd.prl
2026-08-08 19:15:41,607 - aqt.updater - INFO - updater 21904 Patching C:\Users\19588\Qt\6.8.2\msvc2022_64\lib\Qt6QmlNetwork.prl
2026-08-08 19:15:41,609 - aqt.updater - INFO - updater 21904 Patching C:\Users\19588\Qt\6.8.2\msvc2022_64\lib\Qt6QmlNetworkd.prl
2026-08-08 19:15:41,610 - aqt.updater - INFO - updater 21904 Patching C:\Users\19588\Qt\6.8.2\msvc2022_64\lib\Qt6QmlToolingSettings.prl
2026-08-08 19:15:41,611 - aqt.updater - INFO - updater 21904 Patching C:\Users\19588\Qt\6.8.2\msvc2022_64\lib\Qt6QmlToolingSettingsd.prl
2026-08-08 19:15:41,612 - aqt.updater - INFO - updater 21904 Patching C:\Users\19588\Qt\6.8.2\msvc2022_64\lib\Qt6QmlTypeRegistrar.prl
2026-08-08 19:15:41,613 - aqt.updater - INFO - updater 21904 Patching C:\Users\19588\Qt\6.8.2\msvc2022_64\lib\Qt6QmlTypeRegistrard.prl
2026-08-08 19:15:41,614 - aqt.updater - INFO - updater 21904 Patching C:\Users\19588\Qt\6.8.2\msvc2022_64\lib\Qt6QmlWorkerScript.prl
2026-08-08 19:15:41,615 - aqt.updater - INFO - updater 21904 Patching C:\Users\19588\Qt\6.8.2\msvc2022_64\lib\Qt6QmlWorkerScriptd.prl
2026-08-08 19:15:41,616 - aqt.updater - INFO - updater 21904 Patching C:\Users\19588\Qt\6.8.2\msvc2022_64\lib\Qt6QmlXmlListModel.prl
2026-08-08 19:15:41,618 - aqt.updater - INFO - updater 21904 Patching C:\Users\19588\Qt\6.8.2\msvc2022_64\lib\Qt6QmlXmlListModeld.prl
2026-08-08 19:15:41,618 - aqt.updater - INFO - updater 21904 Patching C:\Users\19588\Qt\6.8.2\msvc2022_64\lib\Qt6Quick.prl
2026-08-08 19:15:41,619 - aqt.updater - INFO - updater 21904 Patching C:\Users\19588\Qt\6.8.2\msvc2022_64\lib\Qt6QuickControls2.prl
2026-08-08 19:15:41,619 - aqt.updater - INFO - updater 21904 Patching C:\Users\19588\Qt\6.8.2\msvc2022_64\lib\Qt6QuickControls2Basic.prl
2026-08-08 19:15:41,621 - aqt.updater - INFO - updater 21904 Patching C:\Users\19588\Qt\6.8.2\msvc2022_64\lib\Qt6QuickControls2Basicd.prl
2026-08-08 19:15:41,622 - aqt.updater - INFO - updater 21904 Patching C:\Users\19588\Qt\6.8.2\msvc2022_64\lib\Qt6QuickControls2BasicStyleImpl.prl
2026-08-08 19:15:41,623 - aqt.updater - INFO - updater 21904 Patching C:\Users\19588\Qt\6.8.2\msvc2022_64\lib\Qt6QuickControls2BasicStyleImpld.prl
2026-08-08 19:15:41,624 - aqt.updater - INFO - updater 21904 Patching C:\Users\19588\Qt\6.8.2\msvc2022_64\lib\Qt6QuickControls2d.prl
2026-08-08 19:15:41,624 - aqt.updater - INFO - updater 21904 Patching C:\Users\19588\Qt\6.8.2\msvc2022_64\lib\Qt6QuickControls2FluentWinUI3StyleImpl.prl
2026-08-08 19:15:41,625 - aqt.updater - INFO - updater 21904 Patching C:\Users\19588\Qt\6.8.2\msvc2022_64\lib\Qt6QuickControls2FluentWinUI3StyleImpld.prl
2026-08-08 19:15:41,627 - aqt.updater - INFO - updater 21904 Patching C:\Users\19588\Qt\6.8.2\msvc2022_64\lib\Qt6QuickControls2Fusion.prl
2026-08-08 19:15:41,628 - aqt.updater - INFO - updater 21904 Patching C:\Users\19588\Qt\6.8.2\msvc2022_64\lib\Qt6QuickControls2Fusiond.prl
2026-08-08 19:15:41,629 - aqt.updater - INFO - updater 21904 Patching C:\Users\19588\Qt\6.8.2\msvc2022_64\lib\Qt6QuickControls2FusionStyleImpl.prl
2026-08-08 19:15:41,630 - aqt.updater - INFO - updater 21904 Patching C:\Users\19588\Qt\6.8.2\msvc2022_64\lib\Qt6QuickControls2FusionStyleImpld.prl
2026-08-08 19:15:41,631 - aqt.updater - INFO - updater 21904 Patching C:\Users\19588\Qt\6.8.2\msvc2022_64\lib\Qt6QuickControls2Imagine.prl
2026-08-08 19:15:41,632 - aqt.updater - INFO - updater 21904 Patching C:\Users\19588\Qt\6.8.2\msvc2022_64\lib\Qt6QuickControls2Imagined.prl
2026-08-08 19:15:41,633 - aqt.updater - INFO - updater 21904 Patching C:\Users\19588\Qt\6.8.2\msvc2022_64\lib\Qt6QuickControls2ImagineStyleImpl.prl
2026-08-08 19:15:41,634 - aqt.updater - INFO - updater 21904 Patching C:\Users\19588\Qt\6.8.2\msvc2022_64\lib\Qt6QuickControls2ImagineStyleImpld.prl
2026-08-08 19:15:41,635 - aqt.updater - INFO - updater 21904 Patching C:\Users\19588\Qt\6.8.2\msvc2022_64\lib\Qt6QuickControls2Impl.prl
2026-08-08 19:15:41,636 - aqt.updater - INFO - updater 21904 Patching C:\Users\19588\Qt\6.8.2\msvc2022_64\lib\Qt6QuickControls2Impld.prl
2026-08-08 19:15:41,636 - aqt.updater - INFO - updater 21904 Patching C:\Users\19588\Qt\6.8.2\msvc2022_64\lib\Qt6QuickControls2Material.prl
2026-08-08 19:15:41,638 - aqt.updater - INFO - updater 21904 Patching C:\Users\19588\Qt\6.8.2\msvc2022_64\lib\Qt6QuickControls2Materiald.prl
2026-08-08 19:15:41,639 - aqt.updater - INFO - updater 21904 Patching C:\Users\19588\Qt\6.8.2\msvc2022_64\lib\Qt6QuickControls2MaterialStyleImpl.prl
2026-08-08 19:15:41,640 - aqt.updater - INFO - updater 21904 Patching C:\Users\19588\Qt\6.8.2\msvc2022_64\lib\Qt6QuickControls2MaterialStyleImpld.prl
2026-08-08 19:15:41,641 - aqt.updater - INFO - updater 21904 Patching C:\Users\19588\Qt\6.8.2\msvc2022_64\lib\Qt6QuickControls2Universal.prl
2026-08-08 19:15:41,642 - aqt.updater - INFO - updater 21904 Patching C:\Users\19588\Qt\6.8.2\msvc2022_64\lib\Qt6QuickControls2Universald.prl
2026-08-08 19:15:41,643 - aqt.updater - INFO - updater 21904 Patching C:\Users\19588\Qt\6.8.2\msvc2022_64\lib\Qt6QuickControls2UniversalStyleImpl.prl
2026-08-08 19:15:41,644 - aqt.updater - INFO - updater 21904 Patching C:\Users\19588\Qt\6.8.2\msvc2022_64\lib\Qt6QuickControls2UniversalStyleImpld.prl
2026-08-08 19:15:41,645 - aqt.updater - INFO - updater 21904 Patching C:\Users\19588\Qt\6.8.2\msvc2022_64\lib\Qt6QuickControls2WindowsStyleImpl.prl
2026-08-08 19:15:41,647 - aqt.updater - INFO - updater 21904 Patching C:\Users\19588\Qt\6.8.2\msvc2022_64\lib\Qt6QuickControls2WindowsStyleImpld.prl
2026-08-08 19:15:41,648 - aqt.updater - INFO - updater 21904 Patching C:\Users\19588\Qt\6.8.2\msvc2022_64\lib\Qt6QuickControlsTestUtils.prl
2026-08-08 19:15:41,648 - aqt.updater - INFO - updater 21904 Patching C:\Users\19588\Qt\6.8.2\msvc2022_64\lib\Qt6QuickControlsTestUtilsd.prl
2026-08-08 19:15:41,649 - aqt.updater - INFO - updater 21904 Patching C:\Users\19588\Qt\6.8.2\msvc2022_64\lib\Qt6Quickd.prl
2026-08-08 19:15:41,650 - aqt.updater - INFO - updater 21904 Patching C:\Users\19588\Qt\6.8.2\msvc2022_64\lib\Qt6QuickDialogs2.prl
2026-08-08 19:15:41,651 - aqt.updater - INFO - updater 21904 Patching C:\Users\19588\Qt\6.8.2\msvc2022_64\lib\Qt6QuickDialogs2d.prl
2026-08-08 19:15:41,652 - aqt.updater - INFO - updater 21904 Patching C:\Users\19588\Qt\6.8.2\msvc2022_64\lib\Qt6QuickDialogs2QuickImpl.prl
2026-08-08 19:15:41,653 - aqt.updater - INFO - updater 21904 Patching C:\Users\19588\Qt\6.8.2\msvc2022_64\lib\Qt6QuickDialogs2QuickImpld.prl
2026-08-08 19:15:41,653 - aqt.updater - INFO - updater 21904 Patching C:\Users\19588\Qt\6.8.2\msvc2022_64\lib\Qt6QuickDialogs2Utils.prl
2026-08-08 19:15:41,654 - aqt.updater - INFO - updater 21904 Patching C:\Users\19588\Qt\6.8.2\msvc2022_64\lib\Qt6QuickDialogs2Utilsd.prl
2026-08-08 19:15:41,655 - aqt.updater - INFO - updater 21904 Patching C:\Users\19588\Qt\6.8.2\msvc2022_64\lib\Qt6QuickEffects.prl
2026-08-08 19:15:41,656 - aqt.updater - INFO - updater 21904 Patching C:\Users\19588\Qt\6.8.2\msvc2022_64\lib\Qt6QuickEffectsd.prl
2026-08-08 19:15:41,657 - aqt.updater - INFO - updater 21904 Patching C:\Users\19588\Qt\6.8.2\msvc2022_64\lib\Qt6QuickLayouts.prl
2026-08-08 19:15:41,658 - aqt.updater - INFO - updater 21904 Patching C:\Users\19588\Qt\6.8.2\msvc2022_64\lib\Qt6QuickLayoutsd.prl
2026-08-08 19:15:41,659 - aqt.updater - INFO - updater 21904 Patching C:\Users\19588\Qt\6.8.2\msvc2022_64\lib\Qt6QuickParticles.prl
2026-08-08 19:15:41,660 - aqt.updater - INFO - updater 21904 Patching C:\Users\19588\Qt\6.8.2\msvc2022_64\lib\Qt6QuickParticlesd.prl
2026-08-08 19:15:41,660 - aqt.updater - INFO - updater 21904 Patching C:\Users\19588\Qt\6.8.2\msvc2022_64\lib\Qt6QuickShapes.prl
2026-08-08 19:15:41,661 - aqt.updater - INFO - updater 21904 Patching C:\Users\19588\Qt\6.8.2\msvc2022_64\lib\Qt6QuickShapesd.prl
2026-08-08 19:15:41,662 - aqt.updater - INFO - updater 21904 Patching C:\Users\19588\Qt\6.8.2\msvc2022_64\lib\Qt6QuickTemplates2.prl
2026-08-08 19:15:41,663 - aqt.updater - INFO - updater 21904 Patching C:\Users\19588\Qt\6.8.2\msvc2022_64\lib\Qt6QuickTemplates2d.prl
2026-08-08 19:15:41,664 - aqt.updater - INFO - updater 21904 Patching C:\Users\19588\Qt\6.8.2\msvc2022_64\lib\Qt6QuickTest.prl
2026-08-08 19:15:41,664 - aqt.updater - INFO - updater 21904 Patching C:\Users\19588\Qt\6.8.2\msvc2022_64\lib\Qt6QuickTestd.prl
2026-08-08 19:15:41,665 - aqt.updater - INFO - updater 21904 Patching C:\Users\19588\Qt\6.8.2\msvc2022_64\lib\Qt6QuickTestUtils.prl
2026-08-08 19:15:41,666 - aqt.updater - INFO - updater 21904 Patching C:\Users\19588\Qt\6.8.2\msvc2022_64\lib\Qt6QuickTestUtilsd.prl
2026-08-08 19:15:41,667 - aqt.updater - INFO - updater 21904 Patching C:\Users\19588\Qt\6.8.2\msvc2022_64\lib\Qt6QuickVectorImage.prl
2026-08-08 19:15:41,668 - aqt.updater - INFO - updater 21904 Patching C:\Users\19588\Qt\6.8.2\msvc2022_64\lib\Qt6QuickVectorImaged.prl
2026-08-08 19:15:41,669 - aqt.updater - INFO - updater 21904 Patching C:\Users\19588\Qt\6.8.2\msvc2022_64\lib\Qt6QuickVectorImageGenerator.prl
2026-08-08 19:15:41,671 - aqt.updater - INFO - updater 21904 Patching C:\Users\19588\Qt\6.8.2\msvc2022_64\lib\Qt6QuickVectorImageGeneratord.prl
2026-08-08 19:15:41,672 - aqt.updater - INFO - updater 21904 Patching C:\Users\19588\Qt\6.8.2\msvc2022_64\lib\Qt6QuickWidgets.prl
2026-08-08 19:15:41,673 - aqt.updater - INFO - updater 21904 Patching C:\Users\19588\Qt\6.8.2\msvc2022_64\lib\Qt6QuickWidgetsd.prl
2026-08-08 19:15:41,674 - aqt.updater - INFO - updater 21904 Patching C:\Users\19588\Qt\6.8.2\msvc2022_64\lib\Qt6Sql.prl
2026-08-08 19:15:41,675 - aqt.updater - INFO - updater 21904 Patching C:\Users\19588\Qt\6.8.2\msvc2022_64\lib\Qt6Sqld.prl
2026-08-08 19:15:41,676 - aqt.updater - INFO - updater 21904 Patching C:\Users\19588\Qt\6.8.2\msvc2022_64\lib\Qt6Svg.prl
2026-08-08 19:15:41,677 - aqt.updater - INFO - updater 21904 Patching C:\Users\19588\Qt\6.8.2\msvc2022_64\lib\Qt6Svgd.prl
2026-08-08 19:15:41,678 - aqt.updater - INFO - updater 21904 Patching C:\Users\19588\Qt\6.8.2\msvc2022_64\lib\Qt6SvgWidgets.prl
2026-08-08 19:15:41,678 - aqt.updater - INFO - updater 21904 Patching C:\Users\19588\Qt\6.8.2\msvc2022_64\lib\Qt6SvgWidgetsd.prl
2026-08-08 19:15:41,679 - aqt.updater - INFO - updater 21904 Patching C:\Users\19588\Qt\6.8.2\msvc2022_64\lib\Qt6Test.prl
2026-08-08 19:15:41,679 - aqt.updater - INFO - updater 21904 Patching C:\Users\19588\Qt\6.8.2\msvc2022_64\lib\Qt6Testd.prl
2026-08-08 19:15:41,680 - aqt.updater - INFO - updater 21904 Patching C:\Users\19588\Qt\6.8.2\msvc2022_64\lib\Qt6UiTools.prl
2026-08-08 19:15:41,681 - aqt.updater - INFO - updater 21904 Patching C:\Users\19588\Qt\6.8.2\msvc2022_64\lib\Qt6UiToolsd.prl
2026-08-08 19:15:41,682 - aqt.updater - INFO - updater 21904 Patching C:\Users\19588\Qt\6.8.2\msvc2022_64\lib\Qt6Widgets.prl
2026-08-08 19:15:41,683 - aqt.updater - INFO - updater 21904 Patching C:\Users\19588\Qt\6.8.2\msvc2022_64\lib\Qt6Widgetsd.prl
2026-08-08 19:15:41,684 - aqt.updater - INFO - updater 21904 Patching C:\Users\19588\Qt\6.8.2\msvc2022_64\lib\Qt6Xml.prl
2026-08-08 19:15:41,684 - aqt.updater - INFO - updater 21904 Patching C:\Users\19588\Qt\6.8.2\msvc2022_64\lib\Qt6Xmld.prl
2026-08-08 19:15:41,685 - aqt.main - INFO - installer 21904 Finished installation
2026-08-08 19:15:41,685 - aqt.main - INFO - installer 21904 Time elapsed: 263.26535780 second
