01:49:16.378 === START ===
01:49:16.378 QApplication...
01:49:16.393 setStyleSheet...
01:49:16.393 MainWindow...
01:49:16.394 createHomePage...
01:49:16.718 addPage 0...
01:49:16.719 switchToPage...
01:49:16.719 login connect...
01:49:16.719 window.show()...
01:49:16.732 app.exec()...
01:50:25.728 === START ===
01:50:25.728 QApplication...
01:50:25.742 setStyleSheet...
01:50:25.742 MainWindow...
01:50:25.743 createHomePage...
01:50:26.058 addPage 0...
01:50:26.060 switchToPage...
01:50:26.060 login connect...
01:50:26.060 window.show()...
01:50:26.071 app.exec()...
01:51:34.068 === START ===
01:51:34.069 QApplication...
01:51:34.084 setStyleSheet...
01:51:34.084 MainWindow...
01:51:34.085 createHomePage...
01:51:34.403 addPage 0...
01:51:34.405 switchToPage...
01:51:34.405 login connect...
01:51:34.405 window.show()...
01:51:34.419 app.exec()...
08:19:51.541 === START ===
08:19:51.552 QApplication...
08:19:51.677 setStyleSheet...
08:19:51.684 MainWindow...
08:19:51.731 createHomePage...
08:19:52.563 addPage 0...
08:19:52.565 switchToPage...
08:19:52.566 login connect...
08:19:52.566 window.show()...
08:19:52.584 app.exec()...
08:23:31.713 === START ===
08:23:31.726 QApplication...
08:23:31.860 setStyleSheet...
08:23:31.868 MainWindow...
08:23:31.930 createHomePage...
08:23:33.031 addPage 0...
08:23:33.035 switchToPage...
08:23:33.036 login connect...
08:23:33.037 window.show()...
08:23:33.061 app.exec()...
